ASxxxx Linker V03.00 + NoICE + sdld,  page 1.
Hexadecimal  [32-Bits]

Area                                    Addr        Size        Decimal Bytes (Attributes)
--------------------------------        ----        ----        ------- ----- ------------
CABS                                00000000    00000000 =           0. bytes (ABS,CON,CODE)

      Value  Global                              Global Defined In Module
      -----  --------------------------------   ------------------------
C:   00000000  l_BIT_BANK                      
C:   00000000  l_BSEG                          
C:   00000000  l_BSEG_BYTES                    
C:   00000000  l_CABS                          
C:   00000000  l_CONST                         
C:   00000000  l_GSINIT1                       
C:   00000000  l_GSINIT5                       
C:   00000000  l_IABS                          
C:   00000000  l_ISEG                          
C:   00000000  l_PSEG                          
C:   00000000  l_REG_BANK_1                    
C:   00000000  l_REG_BANK_2                    
C:   00000000  l_REG_BANK_3                    
C:   00000000  l_RSEG                          
C:   00000000  l_RSEG0                         
C:   00000000  l_RSEG1                         
C:   00000000  l_XABS                          
C:   00000000  l_XINIT                         
C:   00000000  l_XISEG                         
C:   00000000  l_XSEG                          
C:   00000000  l__CODE                         
C:   00000000  s_BSEG                          
C:   00000000  s_CABS                          
C:   00000000  s_DSEG                          
C:   00000000  s_HOME                          
C:   00000000  s_IABS                          
C:   00000000  s_ISEG                          
C:   00000000  s_REG_BANK_0                    
C:   00000000  s_RSEG                          
C:   00000000  s_RSEG0                         
C:   00000000  s_RSEG1                         
C:   00000000  s_XABS                          
C:   00000001  s_PSEG                          
C:   00000001  s_XISEG                         
C:   00000001  s_XSEG                          
C:   00000003  l_GSFINAL                       
C:   00000003  l_GSINIT0                       
C:   00000003  l_OSEG                          
C:   00000008  l_REG_BANK_0                    
C:   00000008  s_REG_BANK_1                    
C:   0000000A  l_GSINIT2                       
C:   00000010  s_REG_BANK_2                    
C:   00000011  l_HOME                          
C:   00000011  s_GSINIT0                       
C:   00000014  s_GSINIT1                       
C:   00000014  s_GSINIT2                       
C:   00000018  s_BIT_BANK                      
C:   00000018  s_REG_BANK_3                    
C:   0000001E  s_GSINIT3                       
C:   00000020  s_BSEG_BYTES                    
ASxxxx Linker V03.00 + NoICE + sdld,  page 2.
Hexadecimal  [32-Bits]

Area                                    Addr        Size        Decimal Bytes (Attributes)
--------------------------------        ----        ----        ------- ----- ------------
CABS                                00000000    00000000 =           0. bytes (ABS,CON,CODE)

      Value  Global                              Global Defined In Module
      -----  --------------------------------   ------------------------
C:   00000020  s__CODE                         
C:   00000022  l_GSINIT3                       
C:   0000002A  l_GSINIT4                       
C:   0000002A  s_OSEG                          
C:   0000002D  l_GSINIT                        
C:   0000002D  s_SSEG                          
C:   00000040  s_GSINIT4                       
C:   0000006A  s_GSINIT                        
C:   0000006A  s_GSINIT5                       
C:   00000080  l_DSEG                          
C:   00000097  s_GSFINAL                       
C:   0000009A  s_CSEG                          
C:   000000D3  l_SSEG                          
C:   00000100  l_IRAM                          
C:   000008B6  l_CSEG                          
C:   00000950  s_CONST                         
C:   00000950  s_XINIT                         

ASxxxx Linker V03.00 + NoICE + sdld,  page 3.
Hexadecimal  [32-Bits]

Area                                    Addr        Size        Decimal Bytes (Attributes)
--------------------------------        ----        ----        ------- ----- ------------
.  .ABS.                            00000000    00000000 =           0. bytes (ABS,CON)

      Value  Global                              Global Defined In Module
      -----  --------------------------------   ------------------------
     00000000  .__.ABS.                           _startup
     00000080  _P0                                matrix
     00000080  _P0_0                              matrix
     00000081  _P0_1                              matrix
     00000081  _SP                                matrix
     00000082  _DPL                               matrix
     00000082  _P0_2                              matrix
     00000083  _DPH                               matrix
     00000083  _P0_3                              matrix
     00000084  _P0_4                              matrix
     00000085  _P0_5                              matrix
     00000086  _P0_6                              matrix
     00000087  _P0_7                              matrix
     00000087  _PCON                              matrix
     00000088  _IT0                               matrix
     00000088  _TCON                              matrix
     00000089  _IE0                               matrix
     00000089  _TMOD                              matrix
     0000008A  _IT1                               matrix
     0000008A  _TL0                               matrix
     0000008B  _IE1                               matrix
     0000008B  _TL1                               matrix
     0000008C  _TH0                               matrix
     0000008C  _TR0                               matrix
     0000008D  _TF0                               matrix
     0000008D  _TH1                               matrix
     0000008E  _TR1                               matrix
     0000008F  _TF1                               matrix
     00000090  _P1                                matrix
     00000090  _P1_0                              matrix
     00000091  _P1_1                              matrix
     00000092  _P1_2                              matrix
     00000093  _P1_3                              matrix
     00000094  _P1_4                              matrix
     00000095  _P1_5                              matrix
     00000096  _P1_6                              matrix
     00000097  _P1_7                              matrix
     00000098  _RI                                matrix
     00000098  _SCON                              matrix
     00000099  _SBUF                              matrix
     00000099  _TI                                matrix
     0000009A  _RB8                               matrix
     0000009B  _TB8                               matrix
     0000009C  _REN                               matrix
     0000009D  _SM2                               matrix
     0000009E  _SM1                               matrix
     0000009F  _SM0                               matrix
     000000A0  _P2                                matrix
     000000A0  _P2_0                              matrix
     000000A0  __XPAGE                            
ASxxxx Linker V03.00 + NoICE + sdld,  page 4.
Hexadecimal  [32-Bits]

Area                                    Addr        Size        Decimal Bytes (Attributes)
--------------------------------        ----        ----        ------- ----- ------------
.  .ABS.                            00000000    00000000 =           0. bytes (ABS,CON)

      Value  Global                              Global Defined In Module
      -----  --------------------------------   ------------------------
     000000A1  _P2_1                              matrix
     000000A2  _P2_2                              matrix
     000000A3  _P2_3                              matrix
     000000A4  _P2_4                              matrix
     000000A5  _P2_5                              matrix
     000000A6  _P2_6                              matrix
     000000A7  _P2_7                              matrix
     000000A8  _EX0                               matrix
     000000A8  _IE                                matrix
     000000A9  _ET0                               matrix
     000000AA  _EX1                               matrix
     000000AB  _ET1                               matrix
     000000AC  _ES                                matrix
     000000AF  _EA                                matrix
     000000B0  _P3                                matrix
     000000B0  _P3_0                              matrix
     000000B0  _RXD                               matrix
     000000B1  _P3_1                              matrix
     000000B1  _TXD                               matrix
     000000B2  _INT0                              matrix
     000000B2  _P3_2                              matrix
     000000B3  _INT1                              matrix
     000000B3  _P3_3                              matrix
     000000B4  _P3_4                              matrix
     000000B4  _T0                                matrix
     000000B5  _P3_5                              matrix
     000000B5  _T1                                matrix
     000000B6  _P3_6                              matrix
     000000B6  _WR                                matrix
     000000B7  _P3_7                              matrix
     000000B7  _RD                                matrix
     000000B8  _IP                                matrix
     000000B8  _PX0                               matrix
     000000B9  _PT0                               matrix
     000000BA  _PX1                               matrix
     000000BB  _PT1                               matrix
     000000BC  _PS                                matrix
     000000D0  _P                                 matrix
     000000D0  _PSW                               matrix
     000000D1  _F1                                matrix
     000000D2  _OV                                matrix
     000000D3  _RS0                               matrix
     000000D4  _RS1                               matrix
     000000D5  _F0                                matrix
     000000D6  _AC                                matrix
     000000D7  _CY                                matrix
     000000E0  _ACC                               matrix
     000000F0  _B                                 matrix
     000000F5  _B_5                               _gptrget
     000000F6  _B_6                               _gptrget
     000000F7  _B_7                               _gptrget

ASxxxx Linker V03.00 + NoICE + sdld,  page 5.
Hexadecimal  [32-Bits]

Area                                    Addr        Size        Decimal Bytes (Attributes)
--------------------------------        ----        ----        ------- ----- ------------
REG_BANK_0                          00000000    00000008 =           8. bytes (REL,OVR)

      Value  Global                              Global Defined In Module
      -----  --------------------------------   ------------------------
ASxxxx Linker V03.00 + NoICE + sdld,  page 6.
Hexadecimal  [32-Bits]

Area                                    Addr        Size        Decimal Bytes (Attributes)
--------------------------------        ----        ----        ------- ----- ------------
DSEG                                00000000    00000080 =         128. bytes (REL,CON)

      Value  Global                              Global Defined In Module
      -----  --------------------------------   ------------------------
     00000008  _minDahTimeMs                      main
     0000000A  _deltaT                            main
     0000000C  _t                                 main
     0000000E  _state                             main
     0000000F  _timeMeasured                      main
     00000017  _dits                              main
     00000019  _empty                             main
     0000001B  _index                             main
     0000001D  _lastChar                          main
ASxxxx Linker V03.00 + NoICE + sdld,  page 7.
Hexadecimal  [32-Bits]

Area                                    Addr        Size        Decimal Bytes (Attributes)
--------------------------------        ----        ----        ------- ----- ------------
OSEG                                0000002A    00000003 =           3. bytes (REL,OVR)

      Value  Global                              Global Defined In Module
      -----  --------------------------------   ------------------------
     0000002A  __gptrput_PARM_2                   _gptrput
     0000002A  _morse_cpy_PARM_2                  main

ASxxxx Linker V03.00 + NoICE + sdld,  page 8.
Hexadecimal  [32-Bits]

Area                                    Addr        Size        Decimal Bytes (Attributes)
--------------------------------        ----        ----        ------- ----- ------------
SSEG                                0000002D    000000D3 =         211. bytes (REL,OVR)

      Value  Global                              Global Defined In Module
      -----  --------------------------------   ------------------------
     0000002D  __start__stack                     main

ASxxxx Linker V03.00 + NoICE + sdld,  page 9.
Hexadecimal  [32-Bits]

Area                                    Addr        Size        Decimal Bytes (Attributes)
--------------------------------        ----        ----        ------- ----- ------------
HOME                                00000000    00000011 =          17. bytes (REL,CON,CODE)

      Value  Global                              Global Defined In Module
      -----  --------------------------------   ------------------------
C:   0000000E  __sdcc_program_startup             main

ASxxxx Linker V03.00 + NoICE + sdld,  page 10.
Hexadecimal  [32-Bits]

Area                                    Addr        Size        Decimal Bytes (Attributes)
--------------------------------        ----        ----        ------- ----- ------------
GSINIT0                             00000011    00000003 =           3. bytes (REL,CON,CODE)

      Value  Global                              Global Defined In Module
      -----  --------------------------------   ------------------------
C:   00000011  __sdcc_gsinit_startup              

ASxxxx Linker V03.00 + NoICE + sdld,  page 11.
Hexadecimal  [32-Bits]

Area                                    Addr        Size        Decimal Bytes (Attributes)
--------------------------------        ----        ----        ------- ----- ------------
GSINIT2                             00000014    0000000A =          10. bytes (REL,CON,CODE)

      Value  Global                              Global Defined In Module
      -----  --------------------------------   ------------------------
ASxxxx Linker V03.00 + NoICE + sdld,  page 12.
Hexadecimal  [32-Bits]

Area                                    Addr        Size        Decimal Bytes (Attributes)
--------------------------------        ----        ----        ------- ----- ------------
GSINIT3                             0000001E    00000022 =          34. bytes (REL,CON,CODE)

      Value  Global                              Global Defined In Module
      -----  --------------------------------   ------------------------
C:   0000001E  __mcs51_genXINIT                   

ASxxxx Linker V03.00 + NoICE + sdld,  page 13.
Hexadecimal  [32-Bits]

Area                                    Addr        Size        Decimal Bytes (Attributes)
--------------------------------        ----        ----        ------- ----- ------------
GSINIT4                             00000040    0000002A =          42. bytes (REL,CON,CODE)

      Value  Global                              Global Defined In Module
      -----  --------------------------------   ------------------------
C:   00000040  __mcs51_genRAMCLEAR                
C:   00000046  __mcs51_genXRAMCLEAR               

ASxxxx Linker V03.00 + NoICE + sdld,  page 14.
Hexadecimal  [32-Bits]

Area                                    Addr        Size        Decimal Bytes (Attributes)
--------------------------------        ----        ----        ------- ----- ------------
GSINIT                              0000006A    0000002D =          45. bytes (REL,CON,CODE)

      Value  Global                              Global Defined In Module
      -----  --------------------------------   ------------------------
ASxxxx Linker V03.00 + NoICE + sdld,  page 15.
Hexadecimal  [32-Bits]

Area                                    Addr        Size        Decimal Bytes (Attributes)
--------------------------------        ----        ----        ------- ----- ------------
GSFINAL                             00000097    00000003 =           3. bytes (REL,CON,CODE)

      Value  Global                              Global Defined In Module
      -----  --------------------------------   ------------------------
ASxxxx Linker V03.00 + NoICE + sdld,  page 16.
Hexadecimal  [32-Bits]

Area                                    Addr        Size        Decimal Bytes (Attributes)
--------------------------------        ----        ----        ------- ----- ------------
CSEG                                0000009A    000008B6 =        2230. bytes (REL,CON,CODE)

      Value  Global                              Global Defined In Module
      -----  --------------------------------   ------------------------
C:   0000009A  _morse_cpy                         main
C:   000000D4  _ditsToChar                        main
C:   000002BA  _main                              main
C:   000002E3  _loop                              main
C:   000003CD  _ISR_Timer0                        main
C:   0000044F  _set_col                           matrix
C:   0000048A  _reset_col                         matrix
C:   000004C5  _set_row                           matrix
C:   000004DB  _reset_row                         matrix
C:   000007FD  _matrix_draw                       matrix
C:   000008C0  _matrix_setup                      matrix
C:   000008C3  _matrix_reset                      matrix
C:   000008C9  _matrix_reset_rows                 matrix
C:   000008EF  _matrix_reset_cols                 matrix
C:   00000915  __gptrput                          _gptrput
C:   00000930  __gptrget                          _gptrget
C:   0000094C  __sdcc_external_startup            _startup

ASxxxx Linker V03.00 + NoICE + sdld,  page 17.

Files Linked                              [ module(s) ]

./build/app.rel                           [  ]
./build/matrix.rel                        [  ]


Libraries Linked                          [ object file ]

/usr/bin/../share/sdcc/lib/small/mcs51.lib
                                          [ crtclear.rel ]
/usr/bin/../share/sdcc/lib/small/mcs51.lib
                                          [ crtxinit.rel ]
/usr/bin/../share/sdcc/lib/small/libsdcc.lib
                                          [ _gptrput.rel ]
/usr/bin/../share/sdcc/lib/small/mcs51.lib
                                          [ crtxclear.rel ]
/usr/bin/../share/sdcc/lib/small/mcs51.lib
                                          [ crtpagesfr.rel ]
/usr/bin/../share/sdcc/lib/small/mcs51.lib
                                          [ crtstart.rel ]
/usr/bin/../share/sdcc/lib/small/libsdcc.lib
                                          [ _gptrget.rel ]
/usr/bin/../share/sdcc/lib/small/libsdcc.lib
                                          [ _startup.rel ]

ASxxxx Linker V03.00 + NoICE + sdld,  page 18.

User Base Address Definitions

HOME = 0x0000
XSEG = 0x0001
PSEG = 0x0001
ISEG = 0x0000
BSEG = 0x0000

